[H[J[1;1H[    0.000000] Initializing cgroup subsys cpuset
[    0.000000] Initializing cgroup subsys cpu
[    0.000000] Initializing cgroup subsys cpuacct
[    0.000000] Linux version 4.2.0-35-generic (buildd@lgw01-43) (gcc version 5.2.1 20151010 (Ubuntu 5.2.1-22ubuntu2) ) #40-Ubuntu SMP Tue Mar 15 22:15:45 UTC 2016 (Ubuntu 4.2.0-35.40-generic 4.2.8-ckt5)
[    0.000000] Command line: BOOT_IMAGE=/boot/vmlinuz-4.2.0-35-generic root=UUID=e76b11a1-29e0-4279-a7de-dac4f6de393a ro console=tty1 console=ttyS0 earlyprintk=ttyS0 rootdelay=300
[    0.000000] KERNEL supported cpus:
[    0.000000]   Intel GenuineIntel
[    0.000000]   AMD AuthenticAMD
[    0.000000]   Centaur CentaurHauls
[    0.000000] x86/fpu: xstate_offset[2]: 0240, xstate_sizes[2]: 0100
[    0.000000] x86/fpu: Supporting XSAVE feature 0x01: 'x87 floating point registers'
[    0.000000] x86/fpu: Supporting XSAVE feature 0x02: 'SSE registers'
[    0.000000] x86/fpu: Supporting XSAVE feature 0x04: 'AVX registers'
[    0.000000] x86/fpu: Enabled xstate features 0x7, context size is 0x340 bytes, using 'standard' format.
[    0.000000] x86/fpu: Using 'eager' FPU context switches.
[    0.000000] e820: BIOS-provided physical RAM map:
[    0.000000] BIOS-e820: [mem 0x0000000000000000-0x000000000009fbff] usable
[    0.000000] BIOS-e820: [mem 0x000000000009fc00-0x000000000009ffff] reserved
[    0.000000] BIOS-e820: [mem 0x00000000000e0000-0x00000000000fffff] reserved
[    0.000000] NX (Execute Disable) protection: active
[    0.000000] SMBIOS 2.3 present.
[    0.000000] Hypervisor detected: Microsoft HyperV
[    0.000000] HyperV: features 0xe7f, hints 0x2c
[    0.000000] HyperV: LAPIC Timer Frequency: 0xc3500
[    0.000000] clocksource: hyperv_clocksource: mask: 0xffffffffffffffff max_cycles: 0x24e6a1710, max_idle_ns: 440795202120 ns
[    0.000000] tsc: Marking TSC unstable due to running on Hyper-V
[    0.000000] e820: last_pfn = 0x1c0000 max_arch_pfn = 0x400000000
[    0.000000] x86/PAT: Configuration [0-7]: WB  WC  UC- UC  WB  WC  UC- WT  
[    0.000000] e820: last_pfn = 0x1fff0 max_arch_pfn = 0x400000000
[    0.000000] found SMP MP-table at [mem 0x000ff780-0x000ff78f] mapped at [ffff8800000ff780]
[    0.000000] Scanning 1 areas for low memory corruption
[    0.000000] init_memory_mapping: [mem 0x00000000-0x000fffff]
[    0.000000] init_memory_mapping: [mem 0x1bfe00000-0x1bfffffff]
[    0.000000] init_memory_mapping: [mem 0x1a0000000-0x1bfdfffff]
[    0.000000] init_memory_mapping: [mem 0x00100000-0x1ffeffff]
[    0.000000] init_memory_mapping: [mem 0x100000000-0x19fffffff]
[    0.000000] RAMDISK: [mem 0x1d9d3000-0x1f7a1fff]
[    0.000000] ACPI: Early table checksum verification disabled
[    0.000000] ACPI: RSDP 0x00000000000F56F0 000014 (v00 ACPIAM)
[    0.000000] ACPI: RSDT 0x000000001FFF0000 000040 (v01 VRTUAL MICROSFT 05001223 MSFT 00000097)
[    0.000000] ACPI: FACP 0x000000001FFF0200 000081 (v02 VRTUAL MICROSFT 05001223 MSFT 00000097)
[    0.000000] ACPI: DSDT 0x000000001FFF1724 002E78 (v01 MSFTVM MSFTVM02 00000002 INTL 02002026)
[    0.000000] ACPI: FACS 0x000000001FFFF000 000040
[    0.000000] ACPI: WAET 0x000000001FFF1480 000028 (v01 VRTUAL MICROSFT 05001223 MSFT 00000097)
[    0.000000] ACPI: SLIC 0x000000001FFF14C0 000176 (v01 VRTUAL MICROSFT 05001223 MSFT 00000097)
[    0.000000] ACPI: OEM0 0x000000001FFF16C0 000064 (v01 VRTUAL MICROSFT 05001223 MSFT 00000097)
[    0.000000] ACPI: SRAT 0x000000001FFF0600 000090 (v02 VRTUAL MICROSFT 00000001 MSFT 00000001)
[    0.000000] ACPI: APIC 0x000000001FFF0300 00024C (v01 VRTUAL MICROSFT 05001223 MSFT 00000097)
[    0.000000] ACPI: OEMB 0x000000001FFFF040 000064 (v01 VRTUAL MICROSFT 05001223 MSFT 00000097)
[    0.000000] SRAT: PXM 0 -> APIC 0x00 -> Node 0
[    0.000000] SRAT: Node 0 PXM 0 [mem 0x00000000-0x1fffffff]
[    0.000000] SRAT: Node 0 PXM 0 [mem 0x100000000-0x1bfffffff]
[    0.000000] NUMA: Node 0 [mem 0x00000000-0x1fffffff] + [mem 0x100000000-0x1bfffffff] -> [mem 0x00000000-0x1bfffffff]
[    0.000000] NODE_DATA(0) allocated [mem 0x1bfffa000-0x1bfffefff]
[    0.000000] Zone ranges:
[    0.000000]   DMA      [mem 0x0000000000001000-0x0000000000ffffff]
[    0.000000]   DMA32    [mem 0x0000000001000000-0x00000000ffffffff]
[    0.000000]   Normal   [mem 0x0000000100000000-0x00000001bfffffff]
[    0.000000] Movable zone start for each node
[    0.000000] Early memory node ranges
[    0.000000]   node   0: [mem 0x0000000000001000-0x000000000009efff]
[    0.000000]   node   0: [mem 0x0000000000100000-0x000000001ffeffff]
[    0.000000]   node   0: [mem 0x0000000100000000-0x00000001bfffffff]
[    0.000000] Initmem setup node 0 [mem 0x0000000000001000-0x00000001bfffffff]
[    0.000000] ACPI: PM-Timer IO Port: 0x408
[    0.000000] IOAPIC[0]: apic_id 0, version 17, address 0xfec00000, GSI 0-23
[    0.000000] ACPI: INT_SRC_OVR (bus 0 bus_irq 0 global_irq 2 dfl dfl)
[    0.000000] ACPI: INT_SRC_OVR (bus 0 bus_irq 9 global_irq 9 high level)
[    0.000000] Policy zone: Normal
[    0.000000] Kernel command line: BOOT_IMAGE=/boot/vmlinuz-4.2.0-35-generic root=UUID=e76b11a1-29e0-4279-a7de-dac4f6de393a ro console=tty1 console=ttyS0 earlyprintk=ttyS0 rootdelay=300
[    0.000000] log_buf_len individual max cpu contribution: 4096 bytes
[    0.000000] log_buf_len total cpu_extra contributions: 258048 bytes
[    0.000000] log_buf_len min size: 262144 bytes
[    0.000000] log_buf_len: 524288 bytes
[    0.000000] early log buf free: 252360(96%)
[    0.000000] PID hash table entries: 4096 (order: 3, 32768 bytes)
[    0.000000] Memory: 3487928K/3669560K available (8182K kernel code, 1239K rwdata, 3804K rodata, 1464K init, 1292K bss, 181632K reserved, 0K cma-reserved)
[    0.000000] SLUB: HWalign=64, Order=0-3, MinObjects=0, CPUs=64, Nodes=1
[    0.000000] Hierarchical RCU implementation.
[    0.000000] 	Build-time adjustment of leaf fanout to 64.
[    0.000000] 	RCU restricting CPUs from NR_CPUS=256 to nr_cpu_ids=64.
[    0.000000] RCU: Adjusting geometry for rcu_fanout_leaf=64, nr_cpu_ids=64
[    0.000000] NR_IRQS:16640 nr_irqs:936 16
[    0.000000] 	Offload RCU callbacks from all CPUs
[    0.000000] 	Offload RCU callbacks from CPUs: 0-63.
[    0.000000] Console: colour VGA+ 80x25
[    0.000000] console [tty1] enabled
[    0.000000] console [ttyS0] enabled
[    0.000000] console [ttyS0] enabled
[    0.000000] bootconsole [earlyser0] disabled
[    0.000000] bootconsole [earlyser0] disabled
[    0.000000] tsc: Fast TSC calibration failed
[    0.000000] tsc: Unable to calibrate against PIT
[    0.000000] tsc: using PMTIMER reference calibration
[    0.000000] tsc: Detected 2194.469 MHz processor
[    0.024038] Calibrating delay loop (skipped), value calculated using timer frequency.. 4388.93 BogoMIPS (lpj=8777876)
[    0.028024] pid_max: default: 65536 minimum: 512
[    0.029619] ACPI: Core revision 20150619
[    0.032079] ACPI: All ACPI Tables successfully acquired
[    0.037276] Security Framework initialized
[    0.038924] AppArmor: AppArmor initialized
[    0.040025] Yama: becoming mindful.
[    0.041911] Dentry cache hash table entries: 524288 (order: 10, 4194304 bytes)
[    0.044961] Inode-cache hash table entries: 262144 (order: 9, 2097152 bytes)
[    0.048414] Mount-cache hash table entries: 8192 (order: 4, 65536 bytes)
[    0.050209] Mountpoint-cache hash table entries: 8192 (order: 4, 65536 bytes)
[    0.052410] Initializing cgroup subsys blkio
[    0.054053] Initializing cgroup subsys memory
[    0.055786] Initializing cgroup subsys devices
[    0.056023] Initializing cgroup subsys freezer
[    0.057603] Initializing cgroup subsys net_cls
[    0.060023] Initializing cgroup subsys perf_event
[    0.132218] smpboot: CPU0: Intel(R) Xeon(R) CPU E5-2660 0 @ 2.20GHz (fam: 06, model: 2d, stepping: 07)
[    0.138090] Performance Events: unsupported p6 CPU model 45 no PMU driver, software events only.
[    0.145529] x86: Booted up 1 node, 1 CPUs
[    0.148010] smpboot: Total of 1 processors activated (4388.93 BogoMIPS)
[    0.154944] NMI watchdog: disabled (cpu0): hardware events not enabled
[    0.156002] NMI watchdog: Shutting down hard lockup detector on all cpus
[    0.158539] devtmpfs: initialized
[    0.165235] evm: security.selinux
[    0.166772] evm: security.SMACK64
[
[    1.874323] scsi host3: storvsc_host_t
[    1.877229] scsi 3:0:1:0: Direct-Access     Msft     Virtual Disk     1.0  PQ: 0 ANSI: 4
[    1.880831] sd 3:0:1:0: Attached scsi generic sg2 type 0
[    1.883249] sd 3:0:1:0: [sdb] 14680064 512-byte logical blocks: (7.51 GB/7.00 GiB)
[    1.886114] sd 3:0:1:0: [sdb] 4096-byte physical blocks
[    1.891788] sd 3:0:1:0: [sdb] Write Protect is off
[    1.894224] sd 3:0:1:0: [sdb] Write cache: enabled, read cache: enabled, supports DPO and FUA
[    1.898256] scsi host4: storvsc_host_t
[    1.900259] scsi 4:0:0:0: scsi scan: INQUIRY result too short (5), using 36
[    1.904119] psmouse serio1: trackpoint: failed to get extended button data
[    1.906130] scsi 4:0:0:1: scsi scan: INQUIRY result too short (5), using 36
[    1.908106] scsi 4:0:1:0: scsi scan: INQUIRY result too short (5), using 36
[    1.910162] scsi 4:0:1:1: scsi scan: INQUIRY result too short (5), using 36
[    1.911728]  sdb: sdb1
[    1.913449] scsi 4:1:0:0: scsi scan: INQUIRY result too short (5), using 36
[    1.915216] scsi 4:1:0:1: scsi scan: INQUIRY result too short (5), using 36
[    1.916937] scsi host5: storvsc_host_t
[    1.918709] scsi 4:1:1:0: scsi scan: INQUIRY result too short (5), using 36
[    1.920289] scsi 5:0:0:0: scsi scan: INQUIRY result too short (5), using 36
[    1.922023] scsi 5:0:0:1: scsi scan: INQUIRY result too short (5), using 36
[    1.923781] scsi 4:1:1:1: scsi scan: INQUIRY result too short (5), using 36
[    1.925368] sd 3:0:1:0: [sdb] Attached SCSI disk
[    1.926717] scsi 5:0:1:0: scsi scan: INQUIRY result too short (5), using 36
[    1.929280] scsi 4:2:0:0: scsi scan: INQUIRY result too short (5), using 36
[    1.930946] scsi 5:0:1:1: scsi scan: INQUIRY result too short (5), using 36
[    1.932657] scsi 4:2:0:1: scsi scan: INQUIRY result too short (5), using 36
[    1.934346] scsi 5:1:0:0: scsi scan: INQUIRY result too short (5), using 36
[    1.936261] scsi 5:1:0:1: scsi scan: INQUIRY result too short (5), using 36
[    1.937862] scsi 4:2:1:0: scsi scan: INQUIRY result too short (5), using 36
Current handler state is: NotInstalled
2016/04/22 07:52:16.496066 INFO [Microsoft.OSTCExtensions.LinuxDiagnostic-2.3.7] Download extension package
201//04/22 07:52:27.262250 INFO [Microsoft.OSTCExtensions.LinuxDiagnostic-2.3.7] Unpack extension package
2016/04/22 07:52:28.081319 INFO Event: name=Microsoft.OSTCExtensions.LinuxDiagnostic, op=Download, message=Download succeeded
2016/04/22 07:52:28.089293 INFO [Microsoft.OSTCExtensions.LinuxDiagnostic-2.3.7] Initialize extension directory
2016/04/22 07:52:28.097020 INFO [Microsoft.OSTCExtensions.LinuxDiagnostic-2.3.7] Update settings file: 0.settings
2016/04/22 07:52:28.104316 INFO [Microsoft.OSTCExtensions.LinuxDiagnostic-2.3.7] Install extension.
2016/04/22 07:52:28.111743 INFO [Microsoft.OSTCExtensions.LinuxDiagnostic-2.3.7] Launch command:diagnostic.py -install
2016/04/22 07:52:38.426189 INFO Event: name=Microsoft.OSTCExtensions.LinuxDiagnostic, op=Install, message=Launch command succeeded: diagnostic.py -install
2016/04/22 07:52:38.437891 INFO [Microsoft.OSTCExtensions.LinuxDiagnostic-2.3.7] Enable extension.
2016/04/22 07:52:38.447092 INFO [Microsoft.OSTCExtensions.LinuxDiagnostic-2.3.7] Launch command:diagnostic.py -enable
2016/04/22 07:52:38.940546 INFO Event: name=Microsoft.OSTCExtensions.LinuxDiagnostic, op=Enable, message=Launch command succeeded: diagnostic.py -enable
2016/04/22 07:52:39.023747 INFO Successfully reported vm agent status
ï¿½ï¿½ï¿½ï¿½ï¿½ï¿½ï¿½ï¿½ï¿½ï¿½ï¿½ï¿½ï¿½ï¿½ï¿½ï¿½ï¿½ï¿½ï¿½ï¿½ï¿½ï¿½ï¿½ï¿½ï¿½ï¿½ï¿½ï¿½ï¿½ï¿½ï¿½ï¿½ï¿½ï¿½ï¿½ï¿½ï¿½ï¿½ï¿½ï¿½ï¿½ï¿½ï¿½ï¿½ï¿½ï¿½ï¿½ï¿½ï¿½ï¿½ï¿½ï¿½ï¿½ï¿½ï¿½ï¿½ï¿½ï¿½ï¿½ï¿½ï¿½ï¿½ï¿½ï¿½ï¿½ï¿½ï¿½ï¿½ï¿½ï¿½ï¿½ï¿½ï¿½ï¿½ï¿½ï¿½ï¿½ï¿½ï¿½ï¿½ï¿½ï¿½ï¿½ï¿½ï¿½ï¿½ï¿½ï¿½ï¿½ï¿½ï¿½ï¿½ï¿½ï¿½ï¿½ï¿½ï¿½ï¿½ï¿½ï¿½ï¿½ï¿½ï¿½ï¿½ï¿½ï¿½ï¿½ï¿½ï¿½ï¿½ï¿½ï¿½ï¿½ï¿½ï¿½ï¿½ï¿½ï¿½ï¿½ï¿½ï¿½ï¿½ï¿½ï¿½ï¿½ï¿½ï¿½ï¿½ï¿½ï¿½ï¿½ï¿½ï¿½ï¿½ï¿½ï¿½ï¿½ï¿½ï¿½ï¿½ï¿½ï¿½ï¿½ï¿½ï¿½ï¿½ï¿½ï¿½ï¿½ï¿½ï¿½ï¿½ï¿½ï¿½ï¿½ï¿½ï¿½ï¿½ï¿½ï¿½ï¿½ï¿½ï¿½ï¿½ï¿½ï¿½ï¿½ï¿½ï¿½ï¿½ï¿½ï¿½ï¿½ï¿½ï¿½ï¿½ï¿½ï¿½ï¿½ï¿½ï¿½ï¿½ï¿½ï¿½ï¿½ï¿½ï¿½ï¿½ï¿½ï¿½ï¿½ï¿½ï¿½ï¿½ï¿½ï¿½ï¿½ï¿½ï¿½ï¿½ï¿½